<?xml version="1.0" encoding="ISO-8859-1" ?>
<link_info>
   <banner>MSP430 Linker PC v21.6.1.LTS</banner>
   <copyright>Copyright (c) 2003-2018 Texas Instruments Incorporated</copyright>
   <link_time>0x6807e6a0</link_time>
   <link_errors>0x0</link_errors>
   <output_file>Project10.out</output_file>
   <entry_point>
      <name>_c_int00_noargs_mpu</name>
      <address>0xa2ca</address>
   </entry_point>
   <input_file_list>
      <input_file id="fl-2">
         <path>.\</path>
         <kind>object</kind>
         <file>ADC.obj</file>
         <name>ADC.obj</name>
      </input_file>
      <input_file id="fl-3">
         <path>.\</path>
         <kind>object</kind>
         <file>DAC.obj</file>
         <name>DAC.obj</name>
      </input_file>
      <input_file id="fl-4">
         <path>.\</path>
         <kind>object</kind>
         <file>clocks.obj</file>
         <name>clocks.obj</name>
      </input_file>
      <input_file id="fl-5">
         <path>.\</path>
         <kind>object</kind>
         <file>commands.obj</file>
         <name>commands.obj</name>
      </input_file>
      <input_file id="fl-6">
         <path>.\</path>
         <kind>object</kind>
         <file>display.obj</file>
         <name>display.obj</name>
      </input_file>
      <input_file id="fl-7">
         <path>.\</path>
         <kind>object</kind>
         <file>init.obj</file>
         <name>init.obj</name>
      </input_file>
      <input_file id="fl-8">
         <path>.\</path>
         <kind>object</kind>
         <file>interrupts_adc.obj</file>
         <name>interrupts_adc.obj</name>
      </input_file>
      <input_file id="fl-9">
         <path>.\</path>
         <kind>object</kind>
         <file>interrupts_ports.obj</file>
         <name>interrupts_ports.obj</name>
      </input_file>
      <input_file id="fl-a">
         <path>.\</path>
         <kind>object</kind>
         <file>interrupts_serial.obj</file>
         <name>interrupts_serial.obj</name>
      </input_file>
      <input_file id="fl-b">
         <path>.\</path>
         <kind>object</kind>
         <file>interrupts_timers.obj</file>
         <name>interrupts_timers.obj</name>
      </input_file>
      <input_file id="fl-c">
         <path>.\</path>
         <kind>object</kind>
         <file>led.obj</file>
         <name>led.obj</name>
      </input_file>
      <input_file id="fl-d">
         <path>.\</path>
         <kind>object</kind>
         <file>main.obj</file>
         <name>main.obj</name>
      </input_file>
      <input_file id="fl-e">
         <path>.\</path>
         <kind>object</kind>
         <file>ports.obj</file>
         <name>ports.obj</name>
      </input_file>
      <input_file id="fl-f">
         <path>.\</path>
         <kind>object</kind>
         <file>serial.obj</file>
         <name>serial.obj</name>
      </input_file>
      <input_file id="fl-10">
         <path>.\</path>
         <kind>object</kind>
         <file>switches.obj</file>
         <name>switches.obj</name>
      </input_file>
      <input_file id="fl-11">
         <path>.\</path>
         <kind>object</kind>
         <file>system.obj</file>
         <name>system.obj</name>
      </input_file>
      <input_file id="fl-12">
         <path>.\</path>
         <kind>object</kind>
         <file>timers.obj</file>
         <name>timers.obj</name>
      </input_file>
      <input_file id="fl-13">
         <path>.\</path>
         <kind>object</kind>
         <file>wheels.obj</file>
         <name>wheels.obj</name>
      </input_file>
      <input_file id="fl-14">
         <path>..\Compiled\</path>
         <kind>object</kind>
         <file>LCD.obj</file>
         <name>LCD.obj</name>
      </input_file>
      <input_file id="fl-1a">
         <kind>object</kind>
         <file>&lt;internal&gt;</file>
         <name>&lt;internal&gt;</name>
      </input_file>
      <input_file id="fl-35">
         <path>C:\ti\ccs1230\ccs\tools\compiler\ti-cgt-msp430_21.6.1.LTS\lib\</path>
         <kind>archive</kind>
         <file>rts430x_lc_sd_eabi.lib</file>
         <name>copy_decompress_lzss.c.obj</name>
      </input_file>
      <input_file id="fl-36">
         <path>C:\ti\ccs1230\ccs\tools\compiler\ti-cgt-msp430_21.6.1.LTS\lib\</path>
         <kind>archive</kind>
         <file>rts430x_lc_sd_eabi.lib</file>
         <name>copy_decompress_none.c.obj</name>
      </input_file>
      <input_file id="fl-37">
         <path>C:\ti\ccs1230\ccs\tools\compiler\ti-cgt-msp430_21.6.1.LTS\lib\</path>
         <kind>archive</kind>
         <file>rts430x_lc_sd_eabi.lib</file>
         <name>int23.asm.obj</name>
      </input_file>
      <input_file id="fl-38">
         <path>C:\ti\ccs1230\ccs\tools\compiler\ti-cgt-msp430_21.6.1.LTS\lib\</path>
         <kind>archive</kind>
         <file>rts430x_lc_sd_eabi.lib</file>
         <name>isr_trap.asm.obj</name>
      </input_file>
      <input_file id="fl-39">
         <path>C:\ti\ccs1230\ccs\tools\compiler\ti-cgt-msp430_21.6.1.LTS\lib\</path>
         <kind>archive</kind>
         <file>rts430x_lc_sd_eabi.lib</file>
         <name>int25.asm.obj</name>
      </input_file>
      <input_file id="fl-3a">
         <path>C:\ti\ccs1230\ccs\tools\compiler\ti-cgt-msp430_21.6.1.LTS\lib\</path>
         <kind>archive</kind>
         <file>rts430x_lc_sd_eabi.lib</file>
         <name>int26.asm.obj</name>
      </input_file>
      <input_file id="fl-3b">
         <path>C:\ti\ccs1230\ccs\tools\compiler\ti-cgt-msp430_21.6.1.LTS\lib\</path>
         <kind>archive</kind>
         <file>rts430x_lc_sd_eabi.lib</file>
         <name>int27.asm.obj</name>
      </input_file>
      <input_file id="fl-3c">
         <path>C:\ti\ccs1230\ccs\tools\compiler\ti-cgt-msp430_21.6.1.LTS\lib\</path>
         <kind>archive</kind>
         <file>rts430x_lc_sd_eabi.lib</file>
         <name>int28.asm.obj</name>
      </input_file>
      <input_file id="fl-3d">
         <path>C:\ti\ccs1230\ccs\tools\compiler\ti-cgt-msp430_21.6.1.LTS\lib\</path>
         <kind>archive</kind>
         <file>rts430x_lc_sd_eabi.lib</file>
         <name>int30.asm.obj</name>
      </input_file>
      <input_file id="fl-3e">
         <path>C:\ti\ccs1230\ccs\tools\compiler\ti-cgt-msp430_21.6.1.LTS\lib\</path>
         <kind>archive</kind>
         <file>rts430x_lc_sd_eabi.lib</file>
         <name>int31.asm.obj</name>
      </input_file>
      <input_file id="fl-3f">
         <path>C:\ti\ccs1230\ccs\tools\compiler\ti-cgt-msp430_21.6.1.LTS\lib\</path>
         <kind>archive</kind>
         <file>rts430x_lc_sd_eabi.lib</file>
         <name>int34.asm.obj</name>
      </input_file>
      <input_file id="fl-40">
         <path>C:\ti\ccs1230\ccs\tools\compiler\ti-cgt-msp430_21.6.1.LTS\lib\</path>
         <kind>archive</kind>
         <file>rts430x_lc_sd_eabi.lib</file>
         <name>int35.asm.obj</name>
      </input_file>
      <input_file id="fl-41">
         <path>C:\ti\ccs1230\ccs\tools\compiler\ti-cgt-msp430_21.6.1.LTS\lib\</path>
         <kind>archive</kind>
         <file>rts430x_lc_sd_eabi.lib</file>
         <name>int36.asm.obj</name>
      </input_file>
      <input_file id="fl-42">
         <path>C:\ti\ccs1230\ccs\tools\compiler\ti-cgt-msp430_21.6.1.LTS\lib\</path>
         <kind>archive</kind>
         <file>rts430x_lc_sd_eabi.lib</file>
         <name>int37.asm.obj</name>
      </input_file>
      <input_file id="fl-43">
         <path>C:\ti\ccs1230\ccs\tools\compiler\ti-cgt-msp430_21.6.1.LTS\lib\</path>
         <kind>archive</kind>
         <file>rts430x_lc_sd_eabi.lib</file>
         <name>int38.asm.obj</name>
      </input_file>
      <input_file id="fl-44">
         <path>C:\ti\ccs1230\ccs\tools\compiler\ti-cgt-msp430_21.6.1.LTS\lib\</path>
         <kind>archive</kind>
         <file>rts430x_lc_sd_eabi.lib</file>
         <name>int39.asm.obj</name>
      </input_file>
      <input_file id="fl-45">
         <path>C:\ti\ccs1230\ccs\tools\compiler\ti-cgt-msp430_21.6.1.LTS\lib\</path>
         <kind>archive</kind>
         <file>rts430x_lc_sd_eabi.lib</file>
         <name>int44.asm.obj</name>
      </input_file>
      <input_file id="fl-46">
         <path>C:\ti\ccs1230\ccs\tools\compiler\ti-cgt-msp430_21.6.1.LTS\lib\</path>
         <kind>archive</kind>
         <file>rts430x_lc_sd_eabi.lib</file>
         <name>int45.asm.obj</name>
      </input_file>
      <input_file id="fl-47">
         <path>C:\ti\ccs1230\ccs\tools\compiler\ti-cgt-msp430_21.6.1.LTS\lib\</path>
         <kind>archive</kind>
         <file>rts430x_lc_sd_eabi.lib</file>
         <name>copy_zero_init.c.obj</name>
      </input_file>
      <input_file id="fl-48">
         <path>C:\ti\ccs1230\ccs\tools\compiler\ti-cgt-msp430_21.6.1.LTS\lib\</path>
         <kind>archive</kind>
         <file>rts430x_lc_sd_eabi.lib</file>
         <name>cpy_util.asm.obj</name>
      </input_file>
      <input_file id="fl-49">
         <path>C:\ti\ccs1230\ccs\tools\compiler\ti-cgt-msp430_21.6.1.LTS\lib\</path>
         <kind>archive</kind>
         <file>rts430x_lc_sd_eabi.lib</file>
         <name>mult16.asm.obj</name>
      </input_file>
      <input_file id="fl-4a">
         <path>C:\ti\ccs1230\ccs\tools\compiler\ti-cgt-msp430_21.6.1.LTS\lib\</path>
         <kind>archive</kind>
         <file>rts430x_lc_sd_eabi.lib</file>
         <name>mult16_f5hw.asm.obj</name>
      </input_file>
      <input_file id="fl-4b">
         <path>C:\ti\ccs1230\ccs\tools\compiler\ti-cgt-msp430_21.6.1.LTS\lib\</path>
         <kind>archive</kind>
         <file>rts430x_lc_sd_eabi.lib</file>
         <name>mult32_f5hw.asm.obj</name>
      </input_file>
      <input_file id="fl-4c">
         <path>C:\ti\ccs1230\ccs\tools\compiler\ti-cgt-msp430_21.6.1.LTS\lib\</path>
         <kind>archive</kind>
         <file>rts430x_lc_sd_eabi.lib</file>
         <name>mult64_f5hw.asm.obj</name>
      </input_file>
      <input_file id="fl-4d">
         <path>C:\ti\ccs1230\ccs\tools\compiler\ti-cgt-msp430_21.6.1.LTS\lib\</path>
         <kind>archive</kind>
         <file>rts430x_lc_sd_eabi.lib</file>
         <name>mult1632_f5hw.asm.obj</name>
      </input_file>
      <input_file id="fl-4e">
         <path>C:\ti\ccs1230\ccs\tools\compiler\ti-cgt-msp430_21.6.1.LTS\lib\</path>
         <kind>archive</kind>
         <file>rts430x_lc_sd_eabi.lib</file>
         <name>mult3264_f5hw.asm.obj</name>
      </input_file>
      <input_file id="fl-4f">
         <path>C:\ti\ccs1230\ccs\tools\compiler\ti-cgt-msp430_21.6.1.LTS\lib\</path>
         <kind>archive</kind>
         <file>rts430x_lc_sd_eabi.lib</file>
         <name>boot.c.obj</name>
      </input_file>
      <input_file id="fl-50">
         <path>C:\ti\ccs1230\ccs\ccs_base\msp430\lib\FR2xx\</path>
         <kind>archive</kind>
         <file>FRWP_INIT_LIB_CCS_msp430_large_code_small_data.lib</file>
         <name>frwp_init.obj</name>
      </input_file>
      <input_file id="fl-51">
         <path>C:\ti\ccs1230\ccs\tools\compiler\ti-cgt-msp430_21.6.1.LTS\lib\</path>
         <kind>archive</kind>
         <file>rts430x_lc_sd_eabi.lib</file>
         <name>args_main.c.obj</name>
      </input_file>
      <input_file id="fl-52">
         <path>C:\ti\ccs1230\ccs\tools\compiler\ti-cgt-msp430_21.6.1.LTS\lib\</path>
         <kind>archive</kind>
         <file>rts430x_lc_sd_eabi.lib</file>
         <name>autoinit.c.obj</name>
      </input_file>
      <input_file id="fl-53">
         <path>C:\ti\ccs1230\ccs\tools\compiler\ti-cgt-msp430_21.6.1.LTS\lib\</path>
         <kind>archive</kind>
         <file>rts430x_lc_sd_eabi.lib</file>
         <name>startup.c.obj</name>
      </input_file>
      <input_file id="fl-54">
         <path>C:\ti\ccs1230\ccs\tools\compiler\ti-cgt-msp430_21.6.1.LTS\lib\</path>
         <kind>archive</kind>
         <file>rts430x_lc_sd_eabi.lib</file>
         <name>pre_init.c.obj</name>
      </input_file>
      <input_file id="fl-55">
         <path>C:\ti\ccs1230\ccs\tools\compiler\ti-cgt-msp430_21.6.1.LTS\lib\</path>
         <kind>archive</kind>
         <file>rts430x_lc_sd_eabi.lib</file>
         <name>cpy_tbl.c.obj</name>
      </input_file>
      <input_file id="fl-56">
         <path>C:\ti\ccs1230\ccs\tools\compiler\ti-cgt-msp430_21.6.1.LTS\lib\</path>
         <kind>archive</kind>
         <file>rts430x_lc_sd_eabi.lib</file>
         <name>exit.c.obj</name>
      </input_file>
      <input_file id="fl-57">
         <path>C:\ti\ccs1230\ccs\tools\compiler\ti-cgt-msp430_21.6.1.LTS\lib\</path>
         <kind>archive</kind>
         <file>rts430x_lc_sd_eabi.lib</file>
         <name>exit_gvars.c.obj</name>
      </input_file>
      <input_file id="fl-58">
         <path>C:\ti\ccs1230\ccs\tools\compiler\ti-cgt-msp430_21.6.1.LTS\lib\</path>
         <kind>archive</kind>
         <file>rts430x_lc_sd_eabi.lib</file>
         <name>_lock.c.obj</name>
      </input_file>
      <input_file id="fl-59">
         <path>C:\ti\ccs1230\ccs\tools\compiler\ti-cgt-msp430_21.6.1.LTS\lib\</path>
         <kind>archive</kind>
         <file>rts430x_lc_sd_eabi.lib</file>
         <name>memcpy.c.obj</name>
      </input_file>
      <input_file id="fl-5a">
         <path>C:\ti\ccs1230\ccs\tools\compiler\ti-cgt-msp430_21.6.1.LTS\lib\</path>
         <kind>archive</kind>
         <file>rts430x_lc_sd_eabi.lib</file>
         <name>strcpy.c.obj</name>
      </input_file>
      <input_file id="fl-5b">
         <path>C:\ti\ccs1230\ccs\tools\compiler\ti-cgt-msp430_21.6.1.LTS\lib\</path>
         <kind>archive</kind>
         <file>rts430x_lc_sd_eabi.lib</file>
         <name>strncpy.c.obj</name>
      </input_file>
   </input_file_list>
   <object_component_list>
      <object_component id="oc-88e">
         <name>.cinit..data.load</name>
         <load_address>0x8000</load_address>
         <run_address>0x8000</run_address>
         <size>0x74</size>
      </object_component>
      <object_component id="oc-88b">
         <name>__TI_handler_table</name>
         <load_address>0x8074</load_address>
         <run_address>0x8074</run_address>
         <size>0xc</size>
      </object_component>
      <object_component id="oc-88d">
         <name>.cinit..bss.load</name>
         <load_address>0x8080</load_address>
         <run_address>0x8080</run_address>
         <size>0x6</size>
      </object_component>
      <object_component id="oc-88c">
         <name>__TI_cinit_table</name>
         <load_address>0x8086</load_address>
         <run_address>0x8086</run_address>
         <size>0x10</size>
      </object_component>
      <object_component id="oc-82b">
         <name>.binit</name>
         <load_address>0x8096</load_address>
         <run_address>0x8096</run_address>
         <size>0x0</size>
      </object_component>
      <object_component id="oc-71a">
         <name>.const:.string</name>
         <load_address>0x8096</load_address>
         <run_address>0x8096</run_address>
         <size>0x7e</size>
         <input_file_ref idref="fl-13"/>
      </object_component>
      <object_component id="oc-7c2">
         <name>.const:.string</name>
         <load_address>0x8114</load_address>
         <run_address>0x8114</run_address>
         <size>0x48</size>
         <input_file_ref idref="fl-10"/>
      </object_component>
      <object_component id="oc-6e3">
         <name>.const:.string</name>
         <load_address>0x815c</load_address>
         <run_address>0x815c</run_address>
         <size>0x40</size>
         <input_file_ref idref="fl-5"/>
      </object_component>
      <object_component id="oc-5ac">
         <name>.const:.string</name>
         <load_address>0x819c</load_address>
         <run_address>0x819c</run_address>
         <size>0x3c</size>
         <input_file_ref idref="fl-d"/>
      </object_component>
      <object_component id="oc-6db">
         <name>.const:.string</name>
         <load_address>0x81d8</load_address>
         <run_address>0x81d8</run_address>
         <size>0xc</size>
         <input_file_ref idref="fl-6"/>
      </object_component>
      <object_component id="oc-519">
         <name>.text:main</name>
         <load_address>0x81e4</load_address>
         <run_address>0x81e4</run_address>
         <size>0x470</size>
         <input_file_ref idref="fl-d"/>
      </object_component>
      <object_component id="oc-5f6">
         <name>.text:Intercept_Process</name>
         <load_address>0x8654</load_address>
         <run_address>0x8654</run_address>
         <size>0x2f6</size>
         <input_file_ref idref="fl-13"/>
      </object_component>
      <object_component id="oc-5ea">
         <name>.text:Wheels_Process</name>
         <load_address>0x894a</load_address>
         <run_address>0x894a</run_address>
         <size>0x2a8</size>
         <input_file_ref idref="fl-13"/>
      </object_component>
      <object_component id="oc-5fc">
         <name>.text:IOT_Process</name>
         <load_address>0x8bf2</load_address>
         <run_address>0x8bf2</run_address>
         <size>0x21c</size>
         <input_file_ref idref="fl-5"/>
      </object_component>
      <object_component id="oc-5f0">
         <name>.text:Motion_Process</name>
         <load_address>0x8e0e</load_address>
         <run_address>0x8e0e</run_address>
         <size>0x12c</size>
         <input_file_ref idref="fl-13"/>
      </object_component>
      <object_component id="oc-6eb">
         <name>.text:Switch1_Process</name>
         <load_address>0x8f3a</load_address>
         <run_address>0x8f3a</run_address>
         <size>0xfe</size>
         <input_file_ref idref="fl-10"/>
      </object_component>
      <object_component id="oc-66">
         <name>.text:decompress:lzss:__TI_decompress_lzss</name>
         <load_address>0x9038</load_address>
         <run_address>0x9038</run_address>
         <size>0xee</size>
         <input_file_ref idref="fl-35"/>
      </object_component>
      <object_component id="oc-58d">
         <name>.text:Init_LCD</name>
         <load_address>0x9126</load_address>
         <run_address>0x9126</run_address>
         <size>0xc4</size>
         <input_file_ref idref="fl-14"/>
      </object_component>
      <object_component id="oc-5d8">
         <name>.text:Commands_Process</name>
         <load_address>0x91ea</load_address>
         <run_address>0x91ea</run_address>
         <size>0xc2</size>
         <input_file_ref idref="fl-5"/>
      </object_component>
      <object_component id="oc-682">
         <name>.text:Software_Trim</name>
         <load_address>0x92ac</load_address>
         <run_address>0x92ac</run_address>
         <size>0xbe</size>
         <input_file_ref idref="fl-4"/>
      </object_component>
      <object_component id="oc-602">
         <name>.text:Display_Time</name>
         <load_address>0x936a</load_address>
         <run_address>0x936a</run_address>
         <size>0xa4</size>
         <input_file_ref idref="fl-12"/>
      </object_component>
      <object_component id="oc-663">
         <name>.text:Init_Port_2</name>
         <load_address>0x940e</load_address>
         <run_address>0x940e</run_address>
         <size>0xa2</size>
         <input_file_ref idref="fl-e"/>
      </object_component>
      <object_component id="oc-669">
         <name>.text:Init_Port_3</name>
         <load_address>0x94b0</load_address>
         <run_address>0x94b0</run_address>
         <size>0x92</size>
         <input_file_ref idref="fl-e"/>
      </object_component>
      <object_component id="oc-66f">
         <name>.text:Init_Port_4</name>
         <load_address>0x9542</load_address>
         <run_address>0x9542</run_address>
         <size>0x86</size>
         <input_file_ref idref="fl-e"/>
      </object_component>
      <object_component id="oc-67b">
         <name>.text:Init_Port_6</name>
         <load_address>0x95c8</load_address>
         <run_address>0x95c8</run_address>
         <size>0x7c</size>
         <input_file_ref idref="fl-e"/>
      </object_component>
      <object_component id="oc-608">
         <name>.text:HEXtoBCD</name>
         <load_address>0x9644</load_address>
         <run_address>0x9644</run_address>
         <size>0x74</size>
         <input_file_ref idref="fl-2"/>
      </object_component>
      <object_component id="oc-593">
         <name>.text:Init_ADC</name>
         <load_address>0x96b8</load_address>
         <run_address>0x96b8</run_address>
         <size>0x70</size>
         <input_file_ref idref="fl-2"/>
      </object_component>
      <object_component id="oc-63d">
         <name>.text:__TI_auto_init_nobinit_nopinit_hold_wdt:__TI_auto_init_nobinit_nopinit_hold_wdt</name>
         <load_address>0x9728</load_address>
         <run_address>0x9728</run_address>
         <size>0x6a</size>
         <input_file_ref idref="fl-52"/>
      </object_component>
      <object_component id="oc-57b">
         <name>.text:Init_Clocks</name>
         <load_address>0x9792</load_address>
         <run_address>0x9792</run_address>
         <size>0x68</size>
         <input_file_ref idref="fl-4"/>
      </object_component>
      <object_component id="oc-59f">
         <name>.text:Init_Serial_UCA1</name>
         <load_address>0x97fa</load_address>
         <run_address>0x97fa</run_address>
         <size>0x5a</size>
         <input_file_ref idref="fl-f"/>
      </object_component>
      <object_component id="oc-6e4">
         <name>.text:setBaudRateUCA0</name>
         <load_address>0x9854</load_address>
         <run_address>0x9854</run_address>
         <size>0x5a</size>
         <input_file_ref idref="fl-f"/>
      </object_component>
      <object_component id="oc-599">
         <name>.text:Init_Serial_UCA0</name>
         <load_address>0x98ae</load_address>
         <run_address>0x98ae</run_address>
         <size>0x56</size>
         <input_file_ref idref="fl-f"/>
      </object_component>
      <object_component id="oc-581">
         <name>.text:Init_Conditions</name>
         <load_address>0x9904</load_address>
         <run_address>0x9904</run_address>
         <size>0x52</size>
         <input_file_ref idref="fl-7"/>
      </object_component>
      <object_component id="oc-5a5">
         <name>.text:Init_DAC</name>
         <load_address>0x9956</load_address>
         <run_address>0x9956</run_address>
         <size>0x4e</size>
         <input_file_ref idref="fl-3"/>
      </object_component>
      <object_component id="oc-69d">
         <name>.text:Init_Timer_B3</name>
         <load_address>0x99a4</load_address>
         <run_address>0x99a4</run_address>
         <size>0x4c</size>
         <input_file_ref idref="fl-12"/>
      </object_component>
      <object_component id="oc-65d">
         <name>.text:Init_Port_1</name>
         <load_address>0x99f0</load_address>
         <run_address>0x99f0</run_address>
         <size>0x4a</size>
         <input_file_ref idref="fl-e"/>
      </object_component>
      <object_component id="oc-697">
         <name>.text:Init_Timer_B1</name>
         <load_address>0x9a3a</load_address>
         <run_address>0x9a3a</run_address>
         <size>0x4a</size>
         <input_file_ref idref="fl-12"/>
      </object_component>
      <object_component id="oc-691">
         <name>.text:Init_Timer_B0</name>
         <load_address>0x9a84</load_address>
         <run_address>0x9a84</run_address>
         <size>0x46</size>
         <input_file_ref idref="fl-12"/>
      </object_component>
      <object_component id="oc-6f8">
         <name>.text:Display_Update</name>
         <load_address>0x9aca</load_address>
         <run_address>0x9aca</run_address>
         <size>0x44</size>
         <input_file_ref idref="fl-14"/>
      </object_component>
      <object_component id="oc-6a4">
         <name>.text:Init_SPI_B1</name>
         <load_address>0x9b0e</load_address>
         <run_address>0x9b0e</run_address>
         <size>0x40</size>
         <input_file_ref idref="fl-14"/>
      </object_component>
      <object_component id="oc-42b">
         <name>.text:__memcpy_far</name>
         <load_address>0x9b4e</load_address>
         <run_address>0x9b4e</run_address>
         <size>0x40</size>
         <input_file_ref idref="fl-48"/>
      </object_component>
      <object_component id="oc-472">
         <name>.text:decompress:ZI:__TI_zero_init_nomemset:__TI_zero_init_nomemset</name>
         <load_address>0x9b8e</load_address>
         <run_address>0x9b8e</run_address>
         <size>0x3e</size>
         <input_file_ref idref="fl-47"/>
      </object_component>
      <object_component id="oc-52b">
         <name>.text:__mpu_init</name>
         <load_address>0x9bcc</load_address>
         <run_address>0x9bcc</run_address>
         <size>0x3c</size>
         <input_file_ref idref="fl-50"/>
      </object_component>
      <object_component id="oc-6c">
         <name>.text:decompress:none:__TI_decompress_none</name>
         <load_address>0x9c08</load_address>
         <run_address>0x9c08</run_address>
         <size>0x3c</size>
         <input_file_ref idref="fl-36"/>
      </object_component>
      <object_component id="oc-5c1">
         <name>.text:clear_display</name>
         <load_address>0x9c44</load_address>
         <run_address>0x9c44</run_address>
         <size>0x36</size>
         <input_file_ref idref="fl-6"/>
      </object_component>
      <object_component id="oc-60e">
         <name>.text:adc_line</name>
         <load_address>0x9c7a</load_address>
         <run_address>0x9c7a</run_address>
         <size>0x34</size>
         <input_file_ref idref="fl-2"/>
      </object_component>
      <object_component id="oc-675">
         <name>.text:Init_Port_5</name>
         <load_address>0x9cae</load_address>
         <run_address>0x9cae</run_address>
         <size>0x32</size>
         <input_file_ref idref="fl-e"/>
      </object_component>
      <object_component id="oc-5cb">
         <name>.text:strncpy</name>
         <load_address>0x9ce0</load_address>
         <run_address>0x9ce0</run_address>
         <size>0x2c</size>
         <input_file_ref idref="fl-5b"/>
      </object_component>
      <object_component id="oc-813">
         <name>.text:WriteData</name>
         <load_address>0x9d0c</load_address>
         <run_address>0x9d0c</run_address>
         <size>0x28</size>
         <input_file_ref idref="fl-14"/>
      </object_component>
      <object_component id="oc-6bc">
         <name>.text:WriteIns</name>
         <load_address>0x9d34</load_address>
         <run_address>0x9d34</run_address>
         <size>0x28</size>
         <input_file_ref idref="fl-14"/>
      </object_component>
      <object_component id="oc-5e4">
         <name>.text:Display_Process</name>
         <load_address>0x9d5c</load_address>
         <run_address>0x9d5c</run_address>
         <size>0x22</size>
         <input_file_ref idref="fl-6"/>
      </object_component>
      <object_component id="oc-575">
         <name>.text:Init_Ports</name>
         <load_address>0x9d7e</load_address>
         <run_address>0x9d7e</run_address>
         <size>0x1c</size>
         <input_file_ref idref="fl-e"/>
      </object_component>
      <object_component id="oc-799">
         <name>.text:SPI_B1_write</name>
         <load_address>0x9d9a</load_address>
         <run_address>0x9d9a</run_address>
         <size>0x1c</size>
         <input_file_ref idref="fl-14"/>
      </object_component>
      <object_component id="oc-7c5">
         <name>.text:lcd_out</name>
         <load_address>0x9db6</load_address>
         <run_address>0x9db6</run_address>
         <size>0x1c</size>
         <input_file_ref idref="fl-14"/>
      </object_component>
      <object_component id="oc-73a">
         <name>.text:Curve_Right</name>
         <load_address>0x9dd2</load_address>
         <run_address>0x9dd2</run_address>
         <size>0x1a</size>
         <input_file_ref idref="fl-13"/>
      </object_component>
      <object_component id="oc-728">
         <name>.text:Follow_Path</name>
         <load_address>0x9dec</load_address>
         <run_address>0x9dec</run_address>
         <size>0x1a</size>
         <input_file_ref idref="fl-13"/>
      </object_component>
      <object_component id="oc-714">
         <name>.text:Forward_Fast_On</name>
         <load_address>0x9e06</load_address>
         <run_address>0x9e06</run_address>
         <size>0x1a</size>
         <input_file_ref idref="fl-13"/>
      </object_component>
      <object_component id="oc-721">
         <name>.text:Forward_On</name>
         <load_address>0x9e20</load_address>
         <run_address>0x9e20</run_address>
         <size>0x1a</size>
         <input_file_ref idref="fl-13"/>
      </object_component>
      <object_component id="oc-708">
         <name>.text:Reverse_On</name>
         <load_address>0x9e3a</load_address>
         <run_address>0x9e3a</run_address>
         <size>0x1a</size>
         <input_file_ref idref="fl-13"/>
      </object_component>
      <object_component id="oc-71b">
         <name>.text:Spin_Clock</name>
         <load_address>0x9e54</load_address>
         <run_address>0x9e54</run_address>
         <size>0x1a</size>
         <input_file_ref idref="fl-13"/>
      </object_component>
      <object_component id="oc-70e">
         <name>.text:Spin_Counter_Clock</name>
         <load_address>0x9e6e</load_address>
         <run_address>0x9e6e</run_address>
         <size>0x1a</size>
         <input_file_ref idref="fl-13"/>
      </object_component>
      <object_component id="oc-7a0">
         <name>.text:ClrDisplay_Buffer_0</name>
         <load_address>0x9e88</load_address>
         <run_address>0x9e88</run_address>
         <size>0x18</size>
         <input_file_ref idref="fl-14"/>
      </object_component>
      <object_component id="oc-7a6">
         <name>.text:ClrDisplay_Buffer_1</name>
         <load_address>0x9ea0</load_address>
         <run_address>0x9ea0</run_address>
         <size>0x18</size>
         <input_file_ref idref="fl-14"/>
      </object_component>
      <object_component id="oc-7ac">
         <name>.text:ClrDisplay_Buffer_2</name>
         <load_address>0x9eb8</load_address>
         <run_address>0x9eb8</run_address>
         <size>0x18</size>
         <input_file_ref idref="fl-14"/>
      </object_component>
      <object_component id="oc-7b2">
         <name>.text:ClrDisplay_Buffer_3</name>
         <load_address>0x9ed0</load_address>
         <run_address>0x9ed0</run_address>
         <size>0x18</size>
         <input_file_ref idref="fl-14"/>
      </object_component>
      <object_component id="oc-734">
         <name>.text:Follow_Adjust_IN</name>
         <load_address>0x9ee8</load_address>
         <run_address>0x9ee8</run_address>
         <size>0x18</size>
         <input_file_ref idref="fl-13"/>
      </object_component>
      <object_component id="oc-72e">
         <name>.text:Follow_Adjust_OUT</name>
         <load_address>0x9f00</load_address>
         <run_address>0x9f00</run_address>
         <size>0x18</size>
         <input_file_ref idref="fl-13"/>
      </object_component>
      <object_component id="oc-5b8">
         <name>.text</name>
         <load_address>0x9f18</load_address>
         <run_address>0x9f18</run_address>
         <size>0x18</size>
         <input_file_ref idref="fl-4a"/>
      </object_component>
      <object_component id="oc-6c2">
         <name>.text:ClrDisplay</name>
         <load_address>0x9f30</load_address>
         <run_address>0x9f30</run_address>
         <size>0x16</size>
         <input_file_ref idref="fl-14"/>
      </object_component>
      <object_component id="oc-6b0">
         <name>.text:spi_chipselect_idle</name>
         <load_address>0x9f46</load_address>
         <run_address>0x9f46</run_address>
         <size>0x16</size>
         <input_file_ref idref="fl-14"/>
      </object_component>
      <object_component id="oc-793">
         <name>.text:spi_chipselect_active</name>
         <load_address>0x9f5c</load_address>
         <run_address>0x9f5c</run_address>
         <size>0x12</size>
         <input_file_ref idref="fl-14"/>
      </object_component>
      <object_component id="oc-5ad">
         <name>.text:strcpy</name>
         <load_address>0x9f6e</load_address>
         <run_address>0x9f6e</run_address>
         <size>0x10</size>
         <input_file_ref idref="fl-5a"/>
      </object_component>
      <object_component id="oc-6c8">
         <name>.text:DisplayOnOff</name>
         <load_address>0x9f7e</load_address>
         <run_address>0x9f7e</run_address>
         <size>0xe</size>
         <input_file_ref idref="fl-14"/>
      </object_component>
      <object_component id="oc-587">
         <name>.text:Init_Timers</name>
         <load_address>0x9f8c</load_address>
         <run_address>0x9f8c</run_address>
         <size>0xe</size>
         <input_file_ref idref="fl-12"/>
      </object_component>
      <object_component id="oc-6f1">
         <name>.text:Switch2_Process</name>
         <load_address>0x9f9a</load_address>
         <run_address>0x9f9a</run_address>
         <size>0xc</size>
         <input_file_ref idref="fl-10"/>
      </object_component>
      <object_component id="oc-5de">
         <name>.text:Switches_Process</name>
         <load_address>0x9fa6</load_address>
         <run_address>0x9fa6</run_address>
         <size>0xa</size>
         <input_file_ref idref="fl-10"/>
      </object_component>
      <object_component id="oc-702">
         <name>.text:Motors_Off</name>
         <load_address>0x9fb0</load_address>
         <run_address>0x9fb0</run_address>
         <size>0x8</size>
         <input_file_ref idref="fl-13"/>
      </object_component>
      <object_component id="oc-68a">
         <name>.text:enable_interrupts</name>
         <load_address>0x9fb8</load_address>
         <run_address>0x9fb8</run_address>
         <size>0x8</size>
         <input_file_ref idref="fl-11"/>
      </object_component>
      <object_component id="oc-619">
         <name>.text:abort</name>
         <load_address>0x9fc0</load_address>
         <run_address>0x9fc0</run_address>
         <size>0x6</size>
         <input_file_ref idref="fl-56"/>
      </object_component>
      <object_component id="oc-6b6">
         <name>.text:spi_reset_active</name>
         <load_address>0x9fc6</load_address>
         <run_address>0x9fc6</run_address>
         <size>0x6</size>
         <input_file_ref idref="fl-14"/>
      </object_component>
      <object_component id="oc-6aa">
         <name>.text:spi_reset_idle</name>
         <load_address>0x9fcc</load_address>
         <run_address>0x9fcc</run_address>
         <size>0x6</size>
         <input_file_ref idref="fl-14"/>
      </object_component>
      <object_component id="oc-513">
         <name>.text:_system_pre_init</name>
         <load_address>0x9fd2</load_address>
         <run_address>0x9fd2</run_address>
         <size>0x4</size>
         <input_file_ref idref="fl-54"/>
      </object_component>
      <object_component id="oc-763">
         <name>.text:_system_post_cinit</name>
         <load_address>0x9fd6</load_address>
         <run_address>0x9fd6</run_address>
         <size>0x2</size>
         <input_file_ref idref="fl-53"/>
      </object_component>
      <object_component id="oc-454">
         <name>.text:_isr:eUSCI_A0_ISR</name>
         <load_address>0x9fd8</load_address>
         <run_address>0x9fd8</run_address>
         <size>0xa0</size>
         <input_file_ref idref="fl-a"/>
      </object_component>
      <object_component id="oc-44e">
         <name>.text:_isr:eUSCI_A1_ISR</name>
         <load_address>0xa078</load_address>
         <run_address>0xa078</run_address>
         <size>0x8a</size>
         <input_file_ref idref="fl-a"/>
      </object_component>
      <object_component id="oc-448">
         <name>.text:_isr:ADC_ISR</name>
         <load_address>0xa102</load_address>
         <run_address>0xa102</run_address>
         <size>0x86</size>
         <input_file_ref idref="fl-8"/>
      </object_component>
      <object_component id="oc-466">
         <name>.text:_isr:Timer_B0_CCR1_2_OV_VECTOR_ISR</name>
         <load_address>0xa188</load_address>
         <run_address>0xa188</run_address>
         <size>0x84</size>
         <input_file_ref idref="fl-b"/>
      </object_component>
      <object_component id="oc-442">
         <name>.text:_isr:switchP2_interrupt</name>
         <load_address>0xa20c</load_address>
         <run_address>0xa20c</run_address>
         <size>0x36</size>
         <input_file_ref idref="fl-9"/>
      </object_component>
      <object_component id="oc-437">
         <name>.text:_isr:switchP4_interrupt</name>
         <load_address>0xa242</load_address>
         <run_address>0xa242</run_address>
         <size>0x36</size>
         <input_file_ref idref="fl-9"/>
      </object_component>
      <object_component id="oc-46c">
         <name>.text:_isr:Timer_B0_CCR0_ISR</name>
         <load_address>0xa278</load_address>
         <run_address>0xa278</run_address>
         <size>0x2a</size>
         <input_file_ref idref="fl-b"/>
      </object_component>
      <object_component id="oc-45a">
         <name>.text:_isr:Timer_B1_CCR1_2_OV_VECTOR_ISR</name>
         <load_address>0xa2a2</load_address>
         <run_address>0xa2a2</run_address>
         <size>0x28</size>
         <input_file_ref idref="fl-b"/>
      </object_component>
      <object_component id="oc-49c">
         <name>.text:_isr:_c_int00_noargs_mpu</name>
         <load_address>0xa2ca</load_address>
         <run_address>0xa2ca</run_address>
         <size>0x20</size>
         <input_file_ref idref="fl-4f"/>
      </object_component>
      <object_component id="oc-460">
         <name>.text:_isr:Timer_B1_CCR0_ISR</name>
         <load_address>0xa2ea</load_address>
         <run_address>0xa2ea</run_address>
         <size>0xc</size>
         <input_file_ref idref="fl-b"/>
      </object_component>
      <object_component id="oc-43d">
         <name>.text:_isr:__TI_ISR_TRAP</name>
         <load_address>0xa2f6</load_address>
         <run_address>0xa2f6</run_address>
         <size>0x8</size>
         <input_file_ref idref="fl-38"/>
      </object_component>
      <object_component id="oc-4ec">
         <name>.common:allow_PC_TX</name>
         <uninitialized>true</uninitialized>
         <run_address>0x21d8</run_address>
         <size>0x1</size>
      </object_component>
      <object_component id="oc-4ee">
         <name>.common:usb_rx_ring_wr</name>
         <uninitialized>true</uninitialized>
         <run_address>0x21d6</run_address>
         <size>0x2</size>
      </object_component>
      <object_component id="oc-5d5">
         <name>.common:usb_rx_ring_rd</name>
         <uninitialized>true</uninitialized>
         <run_address>0x21d4</run_address>
         <size>0x2</size>
      </object_component>
      <object_component id="oc-4fe">
         <name>.common:iot_rx_ring_wr</name>
         <uninitialized>true</uninitialized>
         <run_address>0x21d0</run_address>
         <size>0x2</size>
      </object_component>
      <object_component id="oc-6d0">
         <name>.common:iot_rx_ring_rd</name>
         <uninitialized>true</uninitialized>
         <run_address>0x21ce</run_address>
         <size>0x2</size>
      </object_component>
      <object_component id="oc-4ef">
         <name>.common:USB_Char_Rx</name>
         <uninitialized>true</uninitialized>
         <run_address>0x2180</run_address>
         <size>0x10</size>
      </object_component>
      <object_component id="oc-4ff">
         <name>.common:IOT_Char_Rx</name>
         <uninitialized>true</uninitialized>
         <run_address>0x2170</run_address>
         <size>0x10</size>
      </object_component>
      <object_component id="oc-4f3">
         <name>.common:transmit_array</name>
         <uninitialized>true</uninitialized>
         <run_address>0x2150</run_address>
         <size>0x20</size>
      </object_component>
      <object_component id="oc-4ed">
         <name>.common:command_received</name>
         <uninitialized>true</uninitialized>
         <run_address>0x21d9</run_address>
         <size>0x1</size>
      </object_component>
      <object_component id="oc-5d6">
         <name>.common:process_buffer</name>
         <uninitialized>true</uninitialized>
         <run_address>0x2108</run_address>
         <size>0x28</size>
      </object_component>
      <object_component id="oc-5d7">
         <name>.common:process_row</name>
         <uninitialized>true</uninitialized>
         <run_address>0x21d2</run_address>
         <size>0x2</size>
      </object_component>
      <object_component id="oc-4fd">
         <name>.common:iot_command_received</name>
         <uninitialized>true</uninitialized>
         <run_address>0x21de</run_address>
         <size>0x1</size>
      </object_component>
      <object_component id="oc-5c0">
         <name>.common:IOT_buffer</name>
         <uninitialized>true</uninitialized>
         <run_address>0x2000</run_address>
         <size>0xdc</size>
      </object_component>
      <object_component id="oc-5b7">
         <name>.common:iot_row</name>
         <uninitialized>true</uninitialized>
         <run_address>0x21cc</run_address>
         <size>0x2</size>
      </object_component>
      <object_component id="oc-4f5">
         <name>.common:iot_transmit_array</name>
         <uninitialized>true</uninitialized>
         <run_address>0x2130</run_address>
         <size>0x20</size>
      </object_component>
      <object_component id="oc-5ca">
         <name>.common:ip_address1</name>
         <uninitialized>true</uninitialized>
         <run_address>0x2190</run_address>
         <size>0xa</size>
      </object_component>
      <object_component id="oc-5d1">
         <name>.common:ip_address2</name>
         <uninitialized>true</uninitialized>
         <run_address>0x219a</run_address>
         <size>0xa</size>
      </object_component>
      <object_component id="oc-617">
         <name>.common:ssid_display</name>
         <uninitialized>true</uninitialized>
         <run_address>0x21a4</run_address>
         <size>0xa</size>
      </object_component>
      <object_component id="oc-506">
         <name>.common:DAC_data</name>
         <uninitialized>true</uninitialized>
         <run_address>0x21c0</run_address>
         <size>0x2</size>
      </object_component>
      <object_component id="oc-4b8">
         <name>.common:debounce_count_sw1</name>
         <uninitialized>true</uninitialized>
         <run_address>0x21c8</run_address>
         <size>0x2</size>
      </object_component>
      <object_component id="oc-4dd">
         <name>.common:debounce_in_progress_sw1</name>
         <uninitialized>true</uninitialized>
         <run_address>0x21db</run_address>
         <size>0x1</size>
      </object_component>
      <object_component id="oc-4de">
         <name>.common:sw1_pressed</name>
         <uninitialized>true</uninitialized>
         <run_address>0x21df</run_address>
         <size>0x1</size>
      </object_component>
      <object_component id="oc-4e1">
         <name>.common:debounce_count_sw2</name>
         <uninitialized>true</uninitialized>
         <run_address>0x21ca</run_address>
         <size>0x2</size>
      </object_component>
      <object_component id="oc-4e2">
         <name>.common:debounce_in_progress_sw2</name>
         <uninitialized>true</uninitialized>
         <run_address>0x21dc</run_address>
         <size>0x1</size>
      </object_component>
      <object_component id="oc-4e3">
         <name>.common:sw2_pressed</name>
         <uninitialized>true</uninitialized>
         <run_address>0x21e0</run_address>
         <size>0x1</size>
      </object_component>
      <object_component id="oc-4fc">
         <name>.common:START_TIME</name>
         <uninitialized>true</uninitialized>
         <run_address>0x21c2</run_address>
         <size>0x2</size>
      </object_component>
      <object_component id="oc-74c">
         <name>.common:adc_char</name>
         <uninitialized>true</uninitialized>
         <run_address>0x21b6</run_address>
         <size>0x4</size>
      </object_component>
      <object_component id="oc-4ea">
         <name>.common:ADC_Left_Detect</name>
         <uninitialized>true</uninitialized>
         <run_address>0x21ba</run_address>
         <size>0x2</size>
      </object_component>
      <object_component id="oc-4e9">
         <name>.common:ADC_Right_Detect</name>
         <uninitialized>true</uninitialized>
         <run_address>0x21bc</run_address>
         <size>0x2</size>
      </object_component>
      <object_component id="oc-4e8">
         <name>.common:ADC_Thumb</name>
         <uninitialized>true</uninitialized>
         <run_address>0x21be</run_address>
         <size>0x2</size>
      </object_component>
      <object_component id="oc-6ff">
         <name>.common:TARGET_SPEED_RIGHT</name>
         <uninitialized>true</uninitialized>
         <run_address>0x21c6</run_address>
         <size>0x2</size>
      </object_component>
      <object_component id="oc-700">
         <name>.common:TARGET_SPEED_LEFT</name>
         <uninitialized>true</uninitialized>
         <run_address>0x21c4</run_address>
         <size>0x2</size>
      </object_component>
      <object_component id="oc-80b">
         <name>.common:current_character</name>
         <uninitialized>true</uninitialized>
         <run_address>0x21da</run_address>
         <size>0x1</size>
      </object_component>
      <object_component id="oc-508">
         <name>.common:update_display</name>
         <uninitialized>true</uninitialized>
         <run_address>0x21e1</run_address>
         <size>0x1</size>
      </object_component>
      <object_component id="oc-5b3">
         <name>.common:display_changed</name>
         <uninitialized>true</uninitialized>
         <run_address>0x21dd</run_address>
         <size>0x1</size>
      </object_component>
      <object_component id="oc-5ab">
         <name>.common:display_line</name>
         <uninitialized>true</uninitialized>
         <run_address>0x20dc</run_address>
         <size>0x2c</size>
      </object_component>
      <object_component id="oc-689">
         <name>.common:display</name>
         <uninitialized>true</uninitialized>
         <run_address>0x21ae</run_address>
         <size>0x8</size>
      </object_component>
      <object_component id="oc-501">
         <name>.data</name>
         <load_address>0x2276</load_address>
         <run_address>0x2276</run_address>
         <size>0x2</size>
         <input_file_ref idref="fl-2"/>
      </object_component>
      <object_component id="oc-4f6">
         <name>.data</name>
         <load_address>0x225e</load_address>
         <run_address>0x225e</run_address>
         <size>0x7</size>
         <input_file_ref idref="fl-5"/>
      </object_component>
      <object_component id="oc-741">
         <name>.data:ip_mac</name>
         <load_address>0x2254</load_address>
         <run_address>0x2254</run_address>
         <size>0xa</size>
         <input_file_ref idref="fl-5"/>
      </object_component>
      <object_component id="oc-744">
         <name>.data:ssid</name>
         <load_address>0x2248</load_address>
         <run_address>0x2248</run_address>
         <size>0xc</size>
         <input_file_ref idref="fl-5"/>
      </object_component>
      <object_component id="oc-614">
         <name>.data:mux</name>
         <load_address>0x223a</load_address>
         <run_address>0x223a</run_address>
         <size>0xd</size>
         <input_file_ref idref="fl-5"/>
      </object_component>
      <object_component id="oc-747">
         <name>.data:server</name>
         <load_address>0x2216</load_address>
         <run_address>0x2216</run_address>
         <size>0x16</size>
         <input_file_ref idref="fl-5"/>
      </object_component>
      <object_component id="oc-4e5">
         <name>.data</name>
         <load_address>0x2278</load_address>
         <run_address>0x2278</run_address>
         <size>0x2</size>
         <input_file_ref idref="fl-8"/>
      </object_component>
      <object_component id="oc-5bd">
         <name>.data:password</name>
         <load_address>0x226e</load_address>
         <run_address>0x226e</run_address>
         <size>0x4</size>
         <input_file_ref idref="fl-d"/>
      </object_component>
      <object_component id="oc-5d2">
         <name>.data:ping</name>
         <load_address>0x2200</load_address>
         <run_address>0x2200</run_address>
         <size>0x16</size>
         <input_file_ref idref="fl-d"/>
      </object_component>
      <object_component id="oc-5b4">
         <name>.data</name>
         <load_address>0x2247</load_address>
         <run_address>0x2247</run_address>
         <size>0x1</size>
         <input_file_ref idref="fl-d"/>
      </object_component>
      <object_component id="oc-4f0">
         <name>.data</name>
         <load_address>0x21e2</load_address>
         <run_address>0x21e2</run_address>
         <size>0x1e</size>
         <input_file_ref idref="fl-f"/>
      </object_component>
      <object_component id="oc-7bf">
         <name>.data</name>
         <load_address>0x2272</load_address>
         <run_address>0x2272</run_address>
         <size>0x4</size>
         <input_file_ref idref="fl-10"/>
      </object_component>
      <object_component id="oc-4f9">
         <name>.data</name>
         <load_address>0x2266</load_address>
         <run_address>0x2266</run_address>
         <size>0x7</size>
         <input_file_ref idref="fl-12"/>
      </object_component>
      <object_component id="oc-5c7">
         <name>.data</name>
         <load_address>0x222c</load_address>
         <run_address>0x222c</run_address>
         <size>0xe</size>
         <input_file_ref idref="fl-13"/>
      </object_component>
      <object_component id="oc-41c">
         <name>.stack</name>
         <uninitialized>true</uninitialized>
         <run_address>0x2f60</run_address>
         <size>0x2</size>
         <input_file_ref idref="fl-4f"/>
      </object_component>
      <object_component id="oc-88f">
         <name>.stack</name>
         <uninitialized>true</uninitialized>
         <run_address>0x2f60</run_address>
         <size>0x0</size>
      </object_component>
      <object_component id="oc-72">
         <name>.int22</name>
         <load_address>0xffce</load_address>
         <run_address>0xffce</run_address>
         <size>0x2</size>
         <input_file_ref idref="fl-9"/>
      </object_component>
      <object_component id="oc-73">
         <name>.int23</name>
         <load_address>0xffd0</load_address>
         <run_address>0xffd0</run_address>
         <size>0x2</size>
         <input_file_ref idref="fl-37"/>
      </object_component>
      <object_component id="oc-74">
         <name>.int24</name>
         <load_address>0xffd2</load_address>
         <run_address>0xffd2</run_address>
         <size>0x2</size>
         <input_file_ref idref="fl-9"/>
      </object_component>
      <object_component id="oc-75">
         <name>.int25</name>
         <load_address>0xffd4</load_address>
         <run_address>0xffd4</run_address>
         <size>0x2</size>
         <input_file_ref idref="fl-39"/>
      </object_component>
      <object_component id="oc-76">
         <name>.int26</name>
         <load_address>0xffd6</load_address>
         <run_address>0xffd6</run_address>
         <size>0x2</size>
         <input_file_ref idref="fl-3a"/>
      </object_component>
      <object_component id="oc-77">
         <name>.int27</name>
         <load_address>0xffd8</load_address>
         <run_address>0xffd8</run_address>
         <size>0x2</size>
         <input_file_ref idref="fl-3b"/>
      </object_component>
      <object_component id="oc-78">
         <name>.int28</name>
         <load_address>0xffda</load_address>
         <run_address>0xffda</run_address>
         <size>0x2</size>
         <input_file_ref idref="fl-3c"/>
      </object_component>
      <object_component id="oc-79">
         <name>.int29</name>
         <load_address>0xffdc</load_address>
         <run_address>0xffdc</run_address>
         <size>0x2</size>
         <input_file_ref idref="fl-8"/>
      </object_component>
      <object_component id="oc-7a">
         <name>.int30</name>
         <load_address>0xffde</load_address>
         <run_address>0xffde</run_address>
         <size>0x2</size>
         <input_file_ref idref="fl-3d"/>
      </object_component>
      <object_component id="oc-7b">
         <name>.int31</name>
         <load_address>0xffe0</load_address>
         <run_address>0xffe0</run_address>
         <size>0x2</size>
         <input_file_ref idref="fl-3e"/>
      </object_component>
      <object_component id="oc-7c">
         <name>.int32</name>
         <load_address>0xffe2</load_address>
         <run_address>0xffe2</run_address>
         <size>0x2</size>
         <input_file_ref idref="fl-a"/>
      </object_component>
      <object_component id="oc-7d">
         <name>.int33</name>
         <load_address>0xffe4</load_address>
         <run_address>0xffe4</run_address>
         <size>0x2</size>
         <input_file_ref idref="fl-a"/>
      </object_component>
      <object_component id="oc-7e">
         <name>.int34</name>
         <load_address>0xffe6</load_address>
         <run_address>0xffe6</run_address>
         <size>0x2</size>
         <input_file_ref idref="fl-3f"/>
      </object_component>
      <object_component id="oc-7f">
         <name>.int35</name>
         <load_address>0xffe8</load_address>
         <run_address>0xffe8</run_address>
         <size>0x2</size>
         <input_file_ref idref="fl-40"/>
      </object_component>
      <object_component id="oc-80">
         <name>.int36</name>
         <load_address>0xffea</load_address>
         <run_address>0xffea</run_address>
         <size>0x2</size>
         <input_file_ref idref="fl-41"/>
      </object_component>
      <object_component id="oc-81">
         <name>.int37</name>
         <load_address>0xffec</load_address>
         <run_address>0xffec</run_address>
         <size>0x2</size>
         <input_file_ref idref="fl-42"/>
      </object_component>
      <object_component id="oc-82">
         <name>.int38</name>
         <load_address>0xffee</load_address>
         <run_address>0xffee</run_address>
         <size>0x2</size>
         <input_file_ref idref="fl-43"/>
      </object_component>
      <object_component id="oc-83">
         <name>.int39</name>
         <load_address>0xfff0</load_address>
         <run_address>0xfff0</run_address>
         <size>0x2</size>
         <input_file_ref idref="fl-44"/>
      </object_component>
      <object_component id="oc-84">
         <name>.int40</name>
         <load_address>0xfff2</load_address>
         <run_address>0xfff2</run_address>
         <size>0x2</size>
         <input_file_ref idref="fl-b"/>
      </object_component>
      <object_component id="oc-85">
         <name>.int41</name>
         <load_address>0xfff4</load_address>
         <run_address>0xfff4</run_address>
         <size>0x2</size>
         <input_file_ref idref="fl-b"/>
      </object_component>
      <object_component id="oc-86">
         <name>.int42</name>
         <load_address>0xfff6</load_address>
         <run_address>0xfff6</run_address>
         <size>0x2</size>
         <input_file_ref idref="fl-b"/>
      </object_component>
      <object_component id="oc-87">
         <name>.int43</name>
         <load_address>0xfff8</load_address>
         <run_address>0xfff8</run_address>
         <size>0x2</size>
         <input_file_ref idref="fl-b"/>
      </object_component>
      <object_component id="oc-88">
         <name>.int44</name>
         <load_address>0xfffa</load_address>
         <run_address>0xfffa</run_address>
         <size>0x2</size>
         <input_file_ref idref="fl-45"/>
      </object_component>
      <object_component id="oc-89">
         <name>.int45</name>
         <load_address>0xfffc</load_address>
         <run_address>0xfffc</run_address>
         <size>0x2</size>
         <input_file_ref idref="fl-46"/>
      </object_component>
      <object_component id="oc-41f">
         <name>.reset</name>
         <load_address>0xfffe</load_address>
         <run_address>0xfffe</run_address>
         <size>0x2</size>
         <input_file_ref idref="fl-4f"/>
      </object_component>
      <object_component id="oc-4bb">
         <name>.debug_info</name>
         <load_address>0x0</load_address>
         <run_address>0x0</run_address>
         <size>0xa61</size>
         <input_file_ref idref="fl-2"/>
      </object_component>
      <object_component id="oc-502">
         <name>.debug_info</name>
         <load_address>0xa61</load_address>
         <run_address>0xa61</run_address>
         <size>0xfb</size>
         <input_file_ref idref="fl-2"/>
      </object_component>
      <object_component id="oc-612">
         <name>.debug_info</name>
         <load_address>0xb5c</load_address>
         <run_address>0xb5c</run_address>
         <size>0x188</size>
         <input_file_ref idref="fl-2"/>
      </object_component>
      <object_component id="oc-594">
         <name>.debug_info</name>
         <load_address>0xce4</load_address>
         <run_address>0xce4</run_address>
         <size>0xfa</size>
         <input_file_ref idref="fl-2"/>
      </object_component>
      <object_component id="oc-609">
         <name>.debug_info</name>
         <load_address>0xdde</load_address>
         <run_address>0xdde</run_address>
         <size>0x14e</size>
         <input_file_ref idref="fl-2"/>
      </object_component>
      <object_component id="oc-426">
         <name>.debug_info</name>
         <load_address>0xf2c</load_address>
         <run_address>0xf2c</run_address>
         <size>0x84</size>
         <input_file_ref idref="fl-2"/>
      </object_component>
      <object_component id="oc-557">
         <name>.debug_info</name>
         <load_address>0xfb0</load_address>
         <run_address>0xfb0</run_address>
         <size>0x2c</size>
         <input_file_ref idref="fl-2"/>
      </object_component>
      <object_component id="oc-53c">
         <name>.debug_info</name>
         <load_address>0xfdc</load_address>
         <run_address>0xfdc</run_address>
         <size>0x35</size>
         <input_file_ref idref="fl-2"/>
      </object_component>
      <object_component id="oc-4b9">
         <name>.debug_info</name>
         <load_address>0x1011</load_address>
         <run_address>0x1011</run_address>
         <size>0xa39</size>
         <input_file_ref idref="fl-3"/>
      </object_component>
      <object_component id="oc-5a7">
         <name>.debug_info</name>
         <load_address>0x1a4a</load_address>
         <run_address>0x1a4a</run_address>
         <size>0xfa</size>
         <input_file_ref idref="fl-3"/>
      </object_component>
      <object_component id="oc-4bd">
         <name>.debug_info</name>
         <load_address>0x1b44</load_address>
         <run_address>0x1b44</run_address>
         <size>0xb0a</size>
         <input_file_ref idref="fl-4"/>
      </object_component>
      <object_component id="oc-683">
         <name>.debug_info</name>
         <load_address>0x264e</load_address>
         <run_address>0x264e</run_address>
         <size>0x22d</size>
         <input_file_ref idref="fl-4"/>
      </object_component>
      <object_component id="oc-57c">
         <name>.debug_info</name>
         <load_address>0x287b</load_address>
         <run_address>0x287b</run_address>
         <size>0x11d</size>
         <input_file_ref idref="fl-4"/>
      </object_component>
      <object_component id="oc-4bf">
         <name>.debug_info</name>
         <load_address>0x2998</load_address>
         <run_address>0x2998</run_address>
         <size>0xc10</size>
         <input_file_ref idref="fl-5"/>
      </object_component>
      <object_component id="oc-4f7">
         <name>.debug_info</name>
         <load_address>0x35a8</load_address>
         <run_address>0x35a8</run_address>
         <size>0x1f7</size>
         <input_file_ref idref="fl-5"/>
      </object_component>
      <object_component id="oc-742">
         <name>.debug_info</name>
         <load_address>0x379f</load_address>
         <run_address>0x379f</run_address>
         <size>0xd3</size>
         <input_file_ref idref="fl-5"/>
      </object_component>
      <object_component id="oc-745">
         <name>.debug_info</name>
         <load_address>0x3872</load_address>
         <run_address>0x3872</run_address>
         <size>0xcf</size>
         <input_file_ref idref="fl-5"/>
      </object_component>
      <object_component id="oc-615">
         <name>.debug_info</name>
         <load_address>0x3941</load_address>
         <run_address>0x3941</run_address>
         <size>0xcd</size>
         <input_file_ref idref="fl-5"/>
      </object_component>
      <object_component id="oc-748">
         <name>.debug_info</name>
         <load_address>0x3a0e</load_address>
         <run_address>0x3a0e</run_address>
         <size>0xd3</size>
         <input_file_ref idref="fl-5"/>
      </object_component>
      <object_component id="oc-600">
         <name>.debug_info</name>
         <load_address>0x3ae1</load_address>
         <run_address>0x3ae1</run_address>
         <size>0x1ce</size>
         <input_file_ref idref="fl-5"/>
      </object_component>
      <object_component id="oc-5d9">
         <name>.debug_info</name>
         <load_address>0x3caf</load_address>
         <run_address>0x3caf</run_address>
         <size>0x1c8</size>
         <input_file_ref idref="fl-5"/>
      </object_component>
      <object_component id="oc-4c1">
         <name>.debug_info</name>
         <load_address>0x3e77</load_address>
         <run_address>0x3e77</run_address>
         <size>0xab6</size>
         <input_file_ref idref="fl-6"/>
      </object_component>
      <object_component id="oc-5c4">
         <name>.debug_info</name>
         <load_address>0x492d</load_address>
         <run_address>0x492d</run_address>
         <size>0x144</size>
         <input_file_ref idref="fl-6"/>
      </object_component>
      <object_component id="oc-5e5">
         <name>.debug_info</name>
         <load_address>0x4a71</load_address>
         <run_address>0x4a71</run_address>
         <size>0x129</size>
         <input_file_ref idref="fl-6"/>
      </object_component>
      <object_component id="oc-4c3">
         <name>.debug_info</name>
         <load_address>0x4b9a</load_address>
         <run_address>0x4b9a</run_address>
         <size>0xa62</size>
         <input_file_ref idref="fl-7"/>
      </object_component>
      <object_component id="oc-582">
         <name>.debug_info</name>
         <load_address>0x55fc</load_address>
         <run_address>0x55fc</run_address>
         <size>0x12e</size>
         <input_file_ref idref="fl-7"/>
      </object_component>
      <object_component id="oc-4c5">
         <name>.debug_info</name>
         <load_address>0x572a</load_address>
         <run_address>0x572a</run_address>
         <size>0xa10</size>
         <input_file_ref idref="fl-8"/>
      </object_component>
      <object_component id="oc-4e6">
         <name>.debug_info</name>
         <load_address>0x613a</load_address>
         <run_address>0x613a</run_address>
         <size>0xe3</size>
         <input_file_ref idref="fl-8"/>
      </object_component>
      <object_component id="oc-449">
         <name>.debug_info</name>
         <load_address>0x621d</load_address>
         <run_address>0x621d</run_address>
         <size>0x11a</size>
         <input_file_ref idref="fl-8"/>
      </object_component>
      <object_component id="oc-4c7">
         <name>.debug_info</name>
         <load_address>0x6337</load_address>
         <run_address>0x6337</run_address>
         <size>0xa89</size>
         <input_file_ref idref="fl-9"/>
      </object_component>
      <object_component id="oc-438">
         <name>.debug_info</name>
         <load_address>0x6dc0</load_address>
         <run_address>0x6dc0</run_address>
         <size>0x136</size>
         <input_file_ref idref="fl-9"/>
      </object_component>
      <object_component id="oc-443">
         <name>.debug_info</name>
         <load_address>0x6ef6</load_address>
         <run_address>0x6ef6</run_address>
         <size>0x136</size>
         <input_file_ref idref="fl-9"/>
      </object_component>
      <object_component id="oc-4c9">
         <name>.debug_info</name>
         <load_address>0x702c</load_address>
         <run_address>0x702c</run_address>
         <size>0xb8f</size>
         <input_file_ref idref="fl-a"/>
      </object_component>
      <object_component id="oc-450">
         <name>.debug_info</name>
         <load_address>0x7bbb</load_address>
         <run_address>0x7bbb</run_address>
         <size>0x148</size>
         <input_file_ref idref="fl-a"/>
      </object_component>
      <object_component id="oc-457">
         <name>.debug_info</name>
         <load_address>0x7d03</load_address>
         <run_address>0x7d03</run_address>
         <size>0x153</size>
         <input_file_ref idref="fl-a"/>
      </object_component>
      <object_component id="oc-4cd">
         <name>.debug_info</name>
         <load_address>0x7e56</load_address>
         <run_address>0x7e56</run_address>
         <size>0xbfe</size>
         <input_file_ref idref="fl-b"/>
      </object_component>
      <object_component id="oc-45d">
         <name>.debug_info</name>
         <load_address>0x8a54</load_address>
         <run_address>0x8a54</run_address>
         <size>0x14f</size>
         <input_file_ref idref="fl-b"/>
      </object_component>
      <object_component id="oc-461">
         <name>.debug_info</name>
         <load_address>0x8ba3</load_address>
         <run_address>0x8ba3</run_address>
         <size>0x137</size>
         <input_file_ref idref="fl-b"/>
      </object_component>
      <object_component id="oc-468">
         <name>.debug_info</name>
         <load_address>0x8cda</load_address>
         <run_address>0x8cda</run_address>
         <size>0x14f</size>
         <input_file_ref idref="fl-b"/>
      </object_component>
      <object_component id="oc-46d">
         <name>.debug_info</name>
         <load_address>0x8e29</load_address>
         <run_address>0x8e29</run_address>
         <size>0x137</size>
         <input_file_ref idref="fl-b"/>
      </object_component>
      <object_component id="oc-4cb">
         <name>.debug_info</name>
         <load_address>0x8f60</load_address>
         <run_address>0x8f60</run_address>
         <size>0x9cd</size>
         <input_file_ref idref="fl-c"/>
      </object_component>
      <object_component id="oc-4cf">
         <name>.debug_info</name>
         <load_address>0x992d</load_address>
         <run_address>0x992d</run_address>
         <size>0x105e</size>
         <input_file_ref idref="fl-d"/>
      </object_component>
      <object_component id="oc-5be">
         <name>.debug_info</name>
         <load_address>0xa98b</load_address>
         <run_address>0xa98b</run_address>
         <size>0xd3</size>
         <input_file_ref idref="fl-d"/>
      </object_component>
      <object_component id="oc-5d3">
         <name>.debug_info</name>
         <load_address>0xaa5e</load_address>
         <run_address>0xaa5e</run_address>
         <size>0xcb</size>
         <input_file_ref idref="fl-d"/>
      </object_component>
      <object_component id="oc-5b5">
         <name>.debug_info</name>
         <load_address>0xab29</load_address>
         <run_address>0xab29</run_address>
         <size>0xe3</size>
         <input_file_ref idref="fl-d"/>
      </object_component>
      <object_component id="oc-51a">
         <name>.debug_info</name>
         <load_address>0xac0c</load_address>
         <run_address>0xac0c</run_address>
         <size>0x4ab</size>
         <input_file_ref idref="fl-d"/>
      </object_component>
      <object_component id="oc-4d1">
         <name>.debug_info</name>
         <load_address>0xb0b7</load_address>
         <run_address>0xb0b7</run_address>
         <size>0xce0</size>
         <input_file_ref idref="fl-e"/>
      </object_component>
      <object_component id="oc-661">
         <name>.debug_info</name>
         <load_address>0xbd97</load_address>
         <run_address>0xbd97</run_address>
         <size>0x106</size>
         <input_file_ref idref="fl-e"/>
      </object_component>
      <object_component id="oc-666">
         <name>.debug_info</name>
         <load_address>0xbe9d</load_address>
         <run_address>0xbe9d</run_address>
         <size>0x106</size>
         <input_file_ref idref="fl-e"/>
      </object_component>
      <object_component id="oc-66d">
         <name>.debug_info</name>
         <load_address>0xbfa3</load_address>
         <run_address>0xbfa3</run_address>
         <size>0x128</size>
         <input_file_ref idref="fl-e"/>
      </object_component>
      <object_component id="oc-673">
         <name>.debug_info</name>
         <load_address>0xc0cb</load_address>
         <run_address>0xc0cb</run_address>
         <size>0x106</size>
         <input_file_ref idref="fl-e"/>
      </object_component>
      <object_component id="oc-679">
         <name>.debug_info</name>
         <load_address>0xc1d1</load_address>
         <run_address>0xc1d1</run_address>
         <size>0x107</size>
         <input_file_ref idref="fl-e"/>
      </object_component>
      <object_component id="oc-67f">
         <name>.debug_info</name>
         <load_address>0xc2d8</load_address>
         <run_address>0xc2d8</run_address>
         <size>0x109</size>
         <input_file_ref idref="fl-e"/>
      </object_component>
      <object_component id="oc-576">
         <name>.debug_info</name>
         <load_address>0xc3e1</load_address>
         <run_address>0xc3e1</run_address>
         <size>0x173</size>
         <input_file_ref idref="fl-e"/>
      </object_component>
      <object_component id="oc-4d3">
         <name>.debug_info</name>
         <load_address>0xc554</load_address>
         <run_address>0xc554</run_address>
         <size>0xac4</size>
         <input_file_ref idref="fl-f"/>
      </object_component>
      <object_component id="oc-4f1">
         <name>.debug_info</name>
         <load_address>0xd018</load_address>
         <run_address>0xd018</run_address>
         <size>0x34e</size>
         <input_file_ref idref="fl-f"/>
      </object_component>
      <object_component id="oc-6e8">
         <name>.debug_info</name>
         <load_address>0xd366</load_address>
         <run_address>0xd366</run_address>
         <size>0x127</size>
         <input_file_ref idref="fl-f"/>
      </object_component>
      <object_component id="oc-5a2">
         <name>.debug_info</name>
         <load_address>0xd48d</load_address>
         <run_address>0xd48d</run_address>
         <size>0x113</size>
         <input_file_ref idref="fl-f"/>
      </object_component>
      <object_component id="oc-59c">
         <name>.debug_info</name>
         <load_address>0xd5a0</load_address>
         <run_address>0xd5a0</run_address>
         <size>0x113</size>
         <input_file_ref idref="fl-f"/>
      </object_component>
      <object_component id="oc-4d5">
         <name>.debug_info</name>
         <load_address>0xd6b3</load_address>
         <run_address>0xd6b3</run_address>
         <size>0xb8d</size>
         <input_file_ref idref="fl-10"/>
      </object_component>
      <object_component id="oc-7c0">
         <name>.debug_info</name>
         <load_address>0xe240</load_address>
         <run_address>0xe240</run_address>
         <size>0x100</size>
         <input_file_ref idref="fl-10"/>
      </object_component>
      <object_component id="oc-6ee">
         <name>.debug_info</name>
         <load_address>0xe340</load_address>
         <run_address>0xe340</run_address>
         <size>0x1a9</size>
         <input_file_ref idref="fl-10"/>
      </object_component>
      <object_component id="oc-6f3">
         <name>.debug_info</name>
         <load_address>0xe4e9</load_address>
         <run_address>0xe4e9</run_address>
         <size>0x117</size>
         <input_file_ref idref="fl-10"/>
      </object_component>
      <object_component id="oc-5e0">
         <name>.debug_info</name>
         <load_address>0xe600</load_address>
         <run_address>0xe600</run_address>
         <size>0x145</size>
         <input_file_ref idref="fl-10"/>
      </object_component>
      <object_component id="oc-4d7">
         <name>.debug_info</name>
         <load_address>0xe745</load_address>
         <run_address>0xe745</run_address>
         <size>0x9d7</size>
         <input_file_ref idref="fl-11"/>
      </object_component>
      <object_component id="oc-68e">
         <name>.debug_info</name>
         <load_address>0xf11c</load_address>
         <run_address>0xf11c</run_address>
         <size>0x115</size>
         <input_file_ref idref="fl-11"/>
      </object_component>
      <object_component id="oc-4d9">
         <name>.debug_info</name>
         <load_address>0xf231</load_address>
         <run_address>0xf231</run_address>
         <size>0xd0e</size>
         <input_file_ref idref="fl-12"/>
      </object_component>
      <object_component id="oc-4fa">
         <name>.debug_info</name>
         <load_address>0xff3f</load_address>
         <run_address>0xff3f</run_address>
         <size>0x142</size>
         <input_file_ref idref="fl-12"/>
      </object_component>
      <object_component id="oc-693">
         <name>.debug_info</name>
         <load_address>0x10081</load_address>
         <run_address>0x10081</run_address>
         <size>0x10d</size>
         <input_file_ref idref="fl-12"/>
      </object_component>
      <object_component id="oc-699">
         <name>.debug_info</name>
         <load_address>0x1018e</load_address>
         <run_address>0x1018e</run_address>
         <size>0x10d</size>
         <input_file_ref idref="fl-12"/>
      </object_component>
      <object_component id="oc-69f">
         <name>.debug_info</name>
         <load_address>0x1029b</load_address>
         <run_address>0x1029b</run_address>
         <size>0x10d</size>
         <input_file_ref idref="fl-12"/>
      </object_component>
      <object_component id="oc-589">
         <name>.debug_info</name>
         <load_address>0x103a8</load_address>
         <run_address>0x103a8</run_address>
         <size>0x145</size>
         <input_file_ref idref="fl-12"/>
      </object_component>
      <object_component id="oc-605">
         <name>.debug_info</name>
         <load_address>0x104ed</load_address>
         <run_address>0x104ed</run_address>
         <size>0x169</size>
         <input_file_ref idref="fl-12"/>
      </object_component>
      <object_component id="oc-4db">
         <name>.debug_info</name>
         <load_address>0x10656</load_address>
         <run_address>0x10656</run_address>
         <size>0xc17</size>
         <input_file_ref idref="fl-13"/>
      </object_component>
      <object_component id="oc-5c8">
         <name>.debug_info</name>
         <load_address>0x1126d</load_address>
         <run_address>0x1126d</run_address>
         <size>0x239</size>
         <input_file_ref idref="fl-13"/>
      </object_component>
      <object_component id="oc-5eb">
         <name>.debug_info</name>
         <load_address>0x114a6</load_address>
         <run_address>0x114a6</run_address>
         <size>0x112</size>
         <input_file_ref idref="fl-13"/>
      </object_component>
      <object_component id="oc-710">
         <name>.debug_info</name>
         <load_address>0x115b8</load_address>
         <run_address>0x115b8</run_address>
         <size>0x11a</size>
         <input_file_ref idref="fl-13"/>
      </object_component>
      <object_component id="oc-71d">
         <name>.debug_info</name>
         <load_address>0x116d2</load_address>
         <run_address>0x116d2</run_address>
         <size>0x10a</size>
         <input_file_ref idref="fl-13"/>
      </object_component>
      <object_component id="oc-709">
         <name>.debug_info</name>
         <load_address>0x117dc</load_address>
         <run_address>0x117dc</run_address>
         <size>0x10a</size>
         <input_file_ref idref="fl-13"/>
      </object_component>
      <object_component id="oc-704">
         <name>.debug_info</name>
         <load_address>0x118e6</load_address>
         <run_address>0x118e6</run_address>
         <size>0x10a</size>
         <input_file_ref idref="fl-13"/>
      </object_component>
      <object_component id="oc-716">
         <name>.debug_info</name>
         <load_address>0x119f0</load_address>
         <run_address>0x119f0</run_address>
         <size>0x114</size>
         <input_file_ref idref="fl-13"/>
      </object_component>
      <object_component id="oc-722">
         <name>.debug_info</name>
         <load_address>0x11b04</load_address>
         <run_address>0x11b04</run_address>
         <size>0x10a</size>
         <input_file_ref idref="fl-13"/>
      </object_component>
      <object_component id="oc-5f2">
         <name>.debug_info</name>
         <load_address>0x11c0e</load_address>
         <run_address>0x11c0e</run_address>
         <size>0x1ba</size>
         <input_file_ref idref="fl-13"/>
      </object_component>
      <object_component id="oc-72a">
         <name>.debug_info</name>
         <load_address>0x11dc8</load_address>
         <run_address>0x11dc8</run_address>
         <size>0x10c</size>
         <input_file_ref idref="fl-13"/>
      </object_component>
      <object_component id="oc-730">
         <name>.debug_info</name>
         <load_address>0x11ed4</load_address>
         <run_address>0x11ed4</run_address>
         <size>0x118</size>
         <input_file_ref idref="fl-13"/>
      </object_component>
[...]
         <name>Timer_B1_CCR1_2_OV_VECTOR_ISR</name>
         <value>0xa2a2</value>
         <object_component_ref idref="oc-45a"/>
      </symbol>
      <symbol id="sm-584">
         <name>Timer_B0_CCR0_ISR</name>
         <value>0xa278</value>
         <object_component_ref idref="oc-46c"/>
      </symbol>
      <symbol id="sm-585">
         <name>Timer_B0_CCR1_2_OV_VECTOR_ISR</name>
         <value>0xa188</value>
         <object_component_ref idref="oc-466"/>
      </symbol>
      <symbol id="sm-5d3">
         <name>main</name>
         <value>0x81e4</value>
         <object_component_ref idref="oc-519"/>
      </symbol>
      <symbol id="sm-5d4">
         <name>password</name>
         <value>0x226e</value>
         <object_component_ref idref="oc-5bd"/>
      </symbol>
      <symbol id="sm-5d5">
         <name>ping</name>
         <value>0x2200</value>
         <object_component_ref idref="oc-5d2"/>
      </symbol>
      <symbol id="sm-5d6">
         <name>process_movement</name>
         <value>0x2247</value>
         <object_component_ref idref="oc-5b4"/>
      </symbol>
      <symbol id="sm-60f">
         <name>Init_Ports</name>
         <value>0x9d7e</value>
         <object_component_ref idref="oc-575"/>
      </symbol>
      <symbol id="sm-610">
         <name>Init_Port_6</name>
         <value>0x95c8</value>
         <object_component_ref idref="oc-67b"/>
      </symbol>
      <symbol id="sm-611">
         <name>Init_Port_4</name>
         <value>0x9542</value>
         <object_component_ref idref="oc-66f"/>
      </symbol>
      <symbol id="sm-612">
         <name>Init_Port_5</name>
         <value>0x9cae</value>
         <object_component_ref idref="oc-675"/>
      </symbol>
      <symbol id="sm-613">
         <name>Init_Port_2</name>
         <value>0x940e</value>
         <object_component_ref idref="oc-663"/>
      </symbol>
      <symbol id="sm-614">
         <name>Init_Port_3</name>
         <value>0x94b0</value>
         <object_component_ref idref="oc-669"/>
      </symbol>
      <symbol id="sm-615">
         <name>Init_Port_1</name>
         <value>0x99f0</value>
         <object_component_ref idref="oc-65d"/>
      </symbol>
      <symbol id="sm-63a">
         <name>ping_count</name>
         <value>0x21fc</value>
         <object_component_ref idref="oc-4f0"/>
      </symbol>
      <symbol id="sm-63b">
         <name>iot_index_col</name>
         <value>0x21e8</value>
         <object_component_ref idref="oc-4f0"/>
      </symbol>
      <symbol id="sm-63c">
         <name>iot_t_index</name>
         <value>0x21ec</value>
         <object_component_ref idref="oc-4f0"/>
      </symbol>
      <symbol id="sm-63d">
         <name>IOT_reset</name>
         <value>0x21f4</value>
         <object_component_ref idref="oc-4f0"/>
      </symbol>
      <symbol id="sm-63e">
         <name>transmitting_message</name>
         <value>0x21f2</value>
         <object_component_ref idref="oc-4f0"/>
      </symbol>
      <symbol id="sm-63f">
         <name>ip_address_found</name>
         <value>0x21f8</value>
         <object_component_ref idref="oc-4f0"/>
      </symbol>
      <symbol id="sm-640">
         <name>currentBaudRate</name>
         <value>0x21ee</value>
         <object_component_ref idref="oc-4f0"/>
      </symbol>
      <symbol id="sm-641">
         <name>pb_index_row</name>
         <value>0x21e2</value>
         <object_component_ref idref="oc-4f0"/>
      </symbol>
      <symbol id="sm-642">
         <name>IOT_parse</name>
         <value>0x21f6</value>
         <object_component_ref idref="oc-4f0"/>
      </symbol>
      <symbol id="sm-643">
         <name>setBaudRateUCA0</name>
         <value>0x9854</value>
         <object_component_ref idref="oc-6e4"/>
      </symbol>
      <symbol id="sm-644">
         <name>iot_index_row</name>
         <value>0x21e6</value>
         <object_component_ref idref="oc-4f0"/>
      </symbol>
      <symbol id="sm-645">
         <name>pb_index_col</name>
         <value>0x21e4</value>
         <object_component_ref idref="oc-4f0"/>
      </symbol>
      <symbol id="sm-646">
         <name>Start_Pinging</name>
         <value>0x21fe</value>
         <object_component_ref idref="oc-4f0"/>
      </symbol>
      <symbol id="sm-647">
         <name>Init_Serial_UCA1</name>
         <value>0x97fa</value>
         <object_component_ref idref="oc-59f"/>
      </symbol>
      <symbol id="sm-648">
         <name>Init_Serial_UCA0</name>
         <value>0x98ae</value>
         <object_component_ref idref="oc-599"/>
      </symbol>
      <symbol id="sm-649">
         <name>t_index</name>
         <value>0x21ea</value>
         <object_component_ref idref="oc-4f0"/>
      </symbol>
      <symbol id="sm-64a">
         <name>ping_internet</name>
         <value>0x21ff</value>
         <object_component_ref idref="oc-4f0"/>
      </symbol>
      <symbol id="sm-64b">
         <name>message_status</name>
         <value>0x21f3</value>
         <object_component_ref idref="oc-4f0"/>
      </symbol>
      <symbol id="sm-64c">
         <name>ssid_found</name>
         <value>0x21fa</value>
         <object_component_ref idref="oc-4f0"/>
      </symbol>
      <symbol id="sm-678">
         <name>sw2_toggle</name>
         <value>0x2274</value>
         <object_component_ref idref="oc-7bf"/>
      </symbol>
      <symbol id="sm-679">
         <name>Switches_Process</name>
         <value>0x9fa6</value>
         <object_component_ref idref="oc-5de"/>
      </symbol>
      <symbol id="sm-67a">
         <name>sw1_toggle</name>
         <value>0x2272</value>
         <object_component_ref idref="oc-7bf"/>
      </symbol>
      <symbol id="sm-67b">
         <name>Switch1_Process</name>
         <value>0x8f3a</value>
         <object_component_ref idref="oc-6eb"/>
      </symbol>
      <symbol id="sm-67c">
         <name>Switch2_Process</name>
         <value>0x9f9a</value>
         <object_component_ref idref="oc-6f1"/>
      </symbol>
      <symbol id="sm-689">
         <name>enable_interrupts</name>
         <value>0x9fb8</value>
         <object_component_ref idref="oc-68a"/>
      </symbol>
      <symbol id="sm-6c2">
         <name>Display_Time</name>
         <value>0x936a</value>
         <object_component_ref idref="oc-602"/>
      </symbol>
      <symbol id="sm-6c3">
         <name>Init_Timers</name>
         <value>0x9f8c</value>
         <object_component_ref idref="oc-587"/>
      </symbol>
      <symbol id="sm-6c4">
         <name>Init_Timer_B3</name>
         <value>0x99a4</value>
         <object_component_ref idref="oc-69d"/>
      </symbol>
      <symbol id="sm-6c5">
         <name>Init_Timer_B1</name>
         <value>0x9a3a</value>
         <object_component_ref idref="oc-697"/>
      </symbol>
      <symbol id="sm-6c6">
         <name>Init_Timer_B0</name>
         <value>0x9a84</value>
         <object_component_ref idref="oc-691"/>
      </symbol>
      <symbol id="sm-6c7">
         <name>Time</name>
         <value>0x2266</value>
         <object_component_ref idref="oc-4f9"/>
      </symbol>
      <symbol id="sm-6c8">
         <name>Curr_Time</name>
         <value>0x226a</value>
         <object_component_ref idref="oc-4f9"/>
      </symbol>
      <symbol id="sm-6c9">
         <name>TIME_DISPLAY</name>
         <value>0x226c</value>
         <object_component_ref idref="oc-4f9"/>
      </symbol>
      <symbol id="sm-6ca">
         <name>Time_Precise</name>
         <value>0x2268</value>
         <object_component_ref idref="oc-4f9"/>
      </symbol>
      <symbol id="sm-77f">
         <name>movement_duration</name>
         <value>0x2238</value>
         <object_component_ref idref="oc-5c7"/>
      </symbol>
      <symbol id="sm-780">
         <name>WHITE_THRESHOLD</name>
         <value>0x2232</value>
         <object_component_ref idref="oc-5c7"/>
      </symbol>
      <symbol id="sm-781">
         <name>Intercept_Process</name>
         <value>0x8654</value>
         <object_component_ref idref="oc-5f6"/>
      </symbol>
      <symbol id="sm-782">
         <name>wheel_event</name>
         <value>0x222c</value>
         <object_component_ref idref="oc-5c7"/>
      </symbol>
      <symbol id="sm-783">
         <name>movement_letter</name>
         <value>0x2236</value>
         <object_component_ref idref="oc-5c7"/>
      </symbol>
      <symbol id="sm-784">
         <name>Motion_Process</name>
         <value>0x8e0e</value>
         <object_component_ref idref="oc-5f0"/>
      </symbol>
      <symbol id="sm-785">
         <name>Wheels_Process</name>
         <value>0x894a</value>
         <object_component_ref idref="oc-5ea"/>
      </symbol>
      <symbol id="sm-786">
         <name>Forward_On</name>
         <value>0x9e20</value>
         <object_component_ref idref="oc-721"/>
      </symbol>
      <symbol id="sm-787">
         <name>Curve_Right</name>
         <value>0x9dd2</value>
         <object_component_ref idref="oc-73a"/>
      </symbol>
      <symbol id="sm-788">
         <name>Reverse_On</name>
         <value>0x9e3a</value>
         <object_component_ref idref="oc-708"/>
      </symbol>
      <symbol id="sm-789">
         <name>config</name>
         <value>0x222e</value>
         <object_component_ref idref="oc-5c7"/>
      </symbol>
      <symbol id="sm-78a">
         <name>Spin_Counter_Clock</name>
         <value>0x9e6e</value>
         <object_component_ref idref="oc-70e"/>
      </symbol>
      <symbol id="sm-78b">
         <name>Motors_Off</name>
         <value>0x9fb0</value>
         <object_component_ref idref="oc-702"/>
      </symbol>
      <symbol id="sm-78c">
         <name>GREY_THRESHOLD</name>
         <value>0x2234</value>
         <object_component_ref idref="oc-5c7"/>
      </symbol>
      <symbol id="sm-78d">
         <name>Forward_Fast_On</name>
         <value>0x9e06</value>
         <object_component_ref idref="oc-714"/>
      </symbol>
      <symbol id="sm-78e">
         <name>BLACK_THRESHOLD</name>
         <value>0x2230</value>
         <object_component_ref idref="oc-5c7"/>
      </symbol>
      <symbol id="sm-78f">
         <name>Follow_Adjust_IN</name>
         <value>0x9ee8</value>
         <object_component_ref idref="oc-734"/>
      </symbol>
      <symbol id="sm-790">
         <name>intercept_event</name>
         <value>0x222d</value>
         <object_component_ref idref="oc-5c7"/>
      </symbol>
      <symbol id="sm-791">
         <name>TRAVELLING</name>
         <value>0x222f</value>
         <object_component_ref idref="oc-5c7"/>
      </symbol>
      <symbol id="sm-792">
         <name>Follow_Path</name>
         <value>0x9dec</value>
         <object_component_ref idref="oc-728"/>
      </symbol>
      <symbol id="sm-793">
         <name>Follow_Adjust_OUT</name>
         <value>0x9f00</value>
         <object_component_ref idref="oc-72e"/>
      </symbol>
      <symbol id="sm-794">
         <name>Spin_Clock</name>
         <value>0x9e54</value>
         <object_component_ref idref="oc-71b"/>
      </symbol>
      <symbol id="sm-823">
         <name>current_character</name>
         <value>0x21da</value>
      </symbol>
      <symbol id="sm-824">
         <name>update_display</name>
         <value>0x21e1</value>
      </symbol>
      <symbol id="sm-825">
         <name>display_changed</name>
         <value>0x21dd</value>
      </symbol>
      <symbol id="sm-826">
         <name>display_line</name>
         <value>0x20dc</value>
      </symbol>
      <symbol id="sm-827">
         <name>display</name>
         <value>0x21ae</value>
      </symbol>
      <symbol id="sm-828">
         <name>ClrDisplay_Buffer_2</name>
         <value>0x9eb8</value>
         <object_component_ref idref="oc-7ac"/>
      </symbol>
      <symbol id="sm-829">
         <name>ClrDisplay_Buffer_3</name>
         <value>0x9ed0</value>
         <object_component_ref idref="oc-7b2"/>
      </symbol>
      <symbol id="sm-82a">
         <name>ClrDisplay_Buffer_0</name>
         <value>0x9e88</value>
         <object_component_ref idref="oc-7a0"/>
      </symbol>
      <symbol id="sm-82b">
         <name>ClrDisplay_Buffer_1</name>
         <value>0x9ea0</value>
         <object_component_ref idref="oc-7a6"/>
      </symbol>
      <symbol id="sm-82c">
         <name>spi_chipselect_idle</name>
         <value>0x9f46</value>
         <object_component_ref idref="oc-6b0"/>
      </symbol>
      <symbol id="sm-82d">
         <name>WriteIns</name>
         <value>0x9d34</value>
         <object_component_ref idref="oc-6bc"/>
      </symbol>
      <symbol id="sm-82e">
         <name>spi_reset_active</name>
         <value>0x9fc6</value>
         <object_component_ref idref="oc-6b6"/>
      </symbol>
      <symbol id="sm-82f">
         <name>WriteData</name>
         <value>0x9d0c</value>
         <object_component_ref idref="oc-813"/>
      </symbol>
      <symbol id="sm-830">
         <name>DisplayOnOff</name>
         <value>0x9f7e</value>
         <object_component_ref idref="oc-6c8"/>
      </symbol>
      <symbol id="sm-831">
         <name>spi_chipselect_active</name>
         <value>0x9f5c</value>
         <object_component_ref idref="oc-793"/>
      </symbol>
      <symbol id="sm-832">
         <name>lcd_out</name>
         <value>0x9db6</value>
         <object_component_ref idref="oc-7c5"/>
      </symbol>
      <symbol id="sm-833">
         <name>Display_Update</name>
         <value>0x9aca</value>
         <object_component_ref idref="oc-6f8"/>
      </symbol>
      <symbol id="sm-834">
         <name>Init_LCD</name>
         <value>0x9126</value>
         <object_component_ref idref="oc-58d"/>
      </symbol>
      <symbol id="sm-835">
         <name>SPI_B1_write</name>
         <value>0x9d9a</value>
         <object_component_ref idref="oc-799"/>
      </symbol>
      <symbol id="sm-836">
         <name>Init_SPI_B1</name>
         <value>0x9b0e</value>
         <object_component_ref idref="oc-6a4"/>
      </symbol>
      <symbol id="sm-837">
         <name>spi_reset_idle</name>
         <value>0x9fcc</value>
         <object_component_ref idref="oc-6aa"/>
      </symbol>
      <symbol id="sm-838">
         <name>ClrDisplay</name>
         <value>0x9f30</value>
         <object_component_ref idref="oc-6c2"/>
      </symbol>
      <symbol id="sm-859">
         <name>__TI_decompress_lzss</name>
         <value>0x9038</value>
         <object_component_ref idref="oc-66"/>
      </symbol>
      <symbol id="sm-86a">
         <name>__TI_decompress_none</name>
         <value>0x9c08</value>
         <object_component_ref idref="oc-6c"/>
      </symbol>
      <symbol id="sm-86d">
         <name>__TI_int23</name>
         <value>0xffd0</value>
         <object_component_ref idref="oc-73"/>
      </symbol>
      <symbol id="sm-875">
         <name>__TI_ISR_TRAP</name>
         <value>0xa2f6</value>
         <object_component_ref idref="oc-43d"/>
      </symbol>
      <symbol id="sm-878">
         <name>__TI_int25</name>
         <value>0xffd4</value>
         <object_component_ref idref="oc-75"/>
      </symbol>
      <symbol id="sm-87b">
         <name>__TI_int26</name>
         <value>0xffd6</value>
         <object_component_ref idref="oc-76"/>
      </symbol>
      <symbol id="sm-87e">
         <name>__TI_int27</name>
         <value>0xffd8</value>
         <object_component_ref idref="oc-77"/>
      </symbol>
      <symbol id="sm-881">
         <name>__TI_int28</name>
         <value>0xffda</value>
         <object_component_ref idref="oc-78"/>
      </symbol>
      <symbol id="sm-884">
         <name>__TI_int30</name>
         <value>0xffde</value>
         <object_component_ref idref="oc-7a"/>
      </symbol>
      <symbol id="sm-887">
         <name>__TI_int31</name>
         <value>0xffe0</value>
         <object_component_ref idref="oc-7b"/>
      </symbol>
      <symbol id="sm-88a">
         <name>__TI_int34</name>
         <value>0xffe6</value>
         <object_component_ref idref="oc-7e"/>
      </symbol>
      <symbol id="sm-88d">
         <name>__TI_int35</name>
         <value>0xffe8</value>
         <object_component_ref idref="oc-7f"/>
      </symbol>
      <symbol id="sm-890">
         <name>__TI_int36</name>
         <value>0xffea</value>
         <object_component_ref idref="oc-80"/>
      </symbol>
      <symbol id="sm-893">
         <name>__TI_int37</name>
         <value>0xffec</value>
         <object_component_ref idref="oc-81"/>
      </symbol>
      <symbol id="sm-896">
         <name>__TI_int38</name>
         <value>0xffee</value>
         <object_component_ref idref="oc-82"/>
      </symbol>
      <symbol id="sm-899">
         <name>__TI_int39</name>
         <value>0xfff0</value>
         <object_component_ref idref="oc-83"/>
      </symbol>
      <symbol id="sm-89c">
         <name>__TI_int44</name>
         <value>0xfffa</value>
         <object_component_ref idref="oc-88"/>
      </symbol>
      <symbol id="sm-89f">
         <name>__TI_int45</name>
         <value>0xfffc</value>
         <object_component_ref idref="oc-89"/>
      </symbol>
      <symbol id="sm-8af">
         <name>__TI_zero_init_nomemset</name>
         <value>0x9b8e</value>
         <object_component_ref idref="oc-472"/>
      </symbol>
      <symbol id="sm-8ba">
         <name>__memcpy_far</name>
         <value>0x9b4e</value>
         <object_component_ref idref="oc-42b"/>
      </symbol>
      <symbol id="sm-8c3">
         <name>__mspabi_mpyi_f5hw</name>
         <value>0x9f18</value>
         <object_component_ref idref="oc-5b8"/>
      </symbol>
      <symbol id="sm-8d7">
         <name>_c_int00_noargs_mpu</name>
         <value>0xa2ca</value>
         <object_component_ref idref="oc-49c"/>
      </symbol>
      <symbol id="sm-8d8">
         <name>_stack</name>
         <value>0x2f60</value>
         <object_component_ref idref="oc-41c"/>
      </symbol>
      <symbol id="sm-8d9">
         <name>_reset_vector</name>
         <value>0xfffe</value>
         <object_component_ref idref="oc-41f"/>
      </symbol>
      <symbol id="sm-8e7">
         <name>__mpu_init</name>
         <value>0x9bcc</value>
         <object_component_ref idref="oc-52b"/>
      </symbol>
      <symbol id="sm-90a">
         <name>__TI_auto_init_nobinit_nopinit_hold_wdt</name>
         <value>0x9728</value>
         <object_component_ref idref="oc-63d"/>
      </symbol>
      <symbol id="sm-913">
         <name>_system_post_cinit</name>
         <value>0x9fd6</value>
         <object_component_ref idref="oc-763"/>
      </symbol>
      <symbol id="sm-91c">
         <name>_system_pre_init</name>
         <value>0x9fd2</value>
         <object_component_ref idref="oc-513"/>
      </symbol>
      <symbol id="sm-927">
         <name>C$$EXIT</name>
         <value>0x9fc0</value>
         <object_component_ref idref="oc-619"/>
      </symbol>
      <symbol id="sm-928">
         <name>abort</name>
         <value>0x9fc0</value>
         <object_component_ref idref="oc-619"/>
      </symbol>
      <symbol id="sm-938">
         <name>strcpy</name>
         <value>0x9f6e</value>
         <object_component_ref idref="oc-5ad"/>
      </symbol>
      <symbol id="sm-948">
         <name>strncpy</name>
         <value>0x9ce0</value>
         <object_component_ref idref="oc-5cb"/>
      </symbol>
   </symbol_table>
   <title>Link successful</title>
</link_info>
